.next/types/validator.ts(135,31): error TS2344: Type 'typeof import("C:/Users/hp/Desktop/TA/reserv-now/frontend/src/app/api/ticket/[id]/route")' does not satisfy the constraint 'RouteHandlerConfig<"/api/ticket/[id]">'.
  Types of property 'GET' are incompatible.
    Type '(request: NextRequest, { params }: { params: { id: string; }; }) => Promise<NextResponse<unknown>>' is not assignable to type '(request: NextRequest, context: { params: Promise<{ id: string; }>; }) => void | Response | Promise<void | Response>'.
      Types of parameters '__1' and 'context' are incompatible.
        Type '{ params: Promise<{ id: string; }>; }' is not assignable to type '{ params: { id: string; }; }'.
          Types of property 'params' are incompatible.
            Property 'id' is missing in type 'Promise<{ id: string; }>' but required in type '{ id: string; }'.
src/app/admin/events/new/page.tsx(5,30): error TS2307: Cannot find module '@/components/SubmitButton' or its corresponding type declarations.
src/app/admin/events/new/page.tsx(38,23): error TS2322: Type '(formData: FormData) => Promise<{ error: any; success?: undefined; } | { success: boolean; error?: undefined; }>' is not assignable to type 'string | ((formData: FormData) => void | Promise<void>) | undefined'.
  Type '(formData: FormData) => Promise<{ error: any; success?: undefined; } | { success: boolean; error?: undefined; }>' is not assignable to type '(formData: FormData) => void | Promise<void>'.
    Type 'Promise<{ error: any; success?: undefined; } | { success: boolean; error?: undefined; }>' is not assignable to type 'void | Promise<void>'.
      Type 'Promise<{ error: any; success?: undefined; } | { success: boolean; error?: undefined; }>' is not assignable to type 'Promise<void>'.
        Type '{ error: any; success?: undefined; } | { success: boolean; error?: undefined; }' is not assignable to type 'void'.
          Type '{ error: any; success?: undefined; }' is not assignable to type 'void'.
src/components/EventDetails.test.tsx(36,17): error TS2741: Property 'isLoggedIn' is missing in type '{ event: Event; }' but required in type 'EventDetailsProps'.
src/components/EventDetails.test.tsx(47,17): error TS2741: Property 'isLoggedIn' is missing in type '{ event: { reservedCount: number; id: string; title: string; description: string; startDate: string; endDate: string; location: string; capacity: number; status: EventStatus; createdAt: string; updatedAt: string; }; }' but required in type 'EventDetailsProps'.
