
> backend@0.0.1 test
> jest

npm : PASS src/pdf/pd
f.service.spec.ts
At line:1 char:1
+ npm test 2>&1 | 
Tee-Object -FilePath 
test-output.txt
+ ~~~~~~~~~~~~~
    + CategoryInfo   
           : NotSpe  
  cified: (PASS sr   
 c/pdf/pdf.servic    
e.spec.ts:String    
) [], RemoteExce    
ption
    + FullyQualified 
   ErrorId : Native  
  CommandError
 
FAIL src/reservations
/reservations.service
.spec.ts
  ● 
ReservationsService 
› confirm › should 
throw 
BadRequestException 
if event is full

    expect(received).
rejects.toThrow(expec
ted)

    Expected 
substring: "Cannot 
confirm reservation 
- event is full"
    Received 
message:   "Only 
pending reservations 
can be confirmed"

        [0m [90m  
96 |[39m     
[90m// Validate 
reservation is 
pending[39m
         [90m  97 
|[39m     
[36mif[39m (reserva
tion[33m.[39mstatus
 [33m!==[39m [33mR
eservationStatus[39m
[33m.[39m[33mPENDI
NG[39m) {
        [31m[1m>[2
2m[39m[90m  98 
|[39m       
[36mthrow[39m 
[36mnew[39m [33mBa
dRequestException[39
m(
         [90m     
|[39m             
[31m[1m^[22m[39m
         [90m  99 
|[39m         
[32m'Only pending 
reservations can be c
onfirmed'[39m[33m,
[39m
         [90m 100 
|[39m       
)[33m;[39m
         [90m 101 
|[39m     }[0m

      at Reservations
Service.confirm (rese
rvations/reservations
.service.ts:98:13)
      at 
Object.<anonymous> (r
eservations/reservati
ons.service.spec.ts:2
29:7)
      at 
Object.toThrow (../no
de_modules/expect/bui
ld/index.js:2155:20)
      at 
Object.<anonymous> (r
eservations/reservati
ons.service.spec.ts:2
29:60)

PASS src/auth/auth.se
rvice.spec.ts
PASS src/events/event
s.service.spec.ts
PASS src/events/event
s.controller.spec.ts
PASS src/auth/guards/
roles.guard.spec.ts
PASS src/auth/auth.co
ntroller.spec.ts
PASS src/auth/guards/
auth.guard.spec.ts
PASS src/reservations
/reservations.control
ler.spec.ts
PASS src/app.controll
er.spec.ts
PASS src/users/servic
es/users.service.spec
.ts
PASS src/users/servic
es/password.service.s
pec.ts

Test Suites: 1 
failed, 11 passed, 
12 total
Tests:       1 
failed, 132 passed, 
133 total
Snapshots:   0 total
Time:        6.13 s
Ran all test suites.
